../Core/Src/main.c:58:6:display7SEG	16	static
../Core/Src/main.c:155:6:update7SEG	16	static
../Core/Src/main.c:187:6:updateClockBuffer	4	static
../Core/Src/main.c:204:6:setTimer0	16	static
../Core/Src/main.c:209:6:setTimer1	16	static
../Core/Src/main.c:214:6:setTimer2	16	static
../Core/Src/main.c:219:6:timer_run	4	static
../Core/Src/main.c:239:5:main	8	static
../Core/Src/main.c:314:6:SystemClock_Config	72	static
../Core/Src/main.c:351:13:MX_TIM2_Init	32	static
../Core/Src/main.c:396:13:MX_GPIO_Init	32	static
../Core/Src/main.c:433:6:HAL_TIM_PeriodElapsedCallback	16	static
../Core/Src/main.c:443:6:Error_Handler	4	static,ignoring_inline_asm
