../Core/Src/main.c:58:6:display7SEG	16	static
../Core/Src/main.c:156:6:update7SEG	16	static
../Core/Src/main.c:189:6:updateClockBuffer	4	static
../Core/Src/main.c:210:6:setTimer0	16	static
../Core/Src/main.c:214:6:setTimer1	16	static
../Core/Src/main.c:218:6:setTimer2	16	static
../Core/Src/main.c:222:6:setTimer3	16	static
../Core/Src/main.c:226:6:timer_run	4	static
../Core/Src/main.c:249:6:updateLEDMatrix	16	static
../Core/Src/main.c:295:5:main	8	static
../Core/Src/main.c:374:6:SystemClock_Config	72	static
../Core/Src/main.c:411:13:MX_TIM2_Init	32	static
../Core/Src/main.c:456:13:MX_GPIO_Init	32	static
../Core/Src/main.c:505:6:HAL_TIM_PeriodElapsedCallback	16	static
../Core/Src/main.c:515:6:Error_Handler	4	static,ignoring_inline_asm
